[leafletjs.com/index.html]
[backblue.gif]
[fade.gif]
[index.html]
[leafletjs.com/docs/images/logo.png]
[leafletjs.com/docs/images/favicon.ico]
[leafletjs.com/atom.xml]
[leafletjs.com/docs/css/normalize.css]
[leafletjs.com/docs/css/main.css]
[leafletjs.com/docs/highlight/highlight.pack.js]
[leafletjs.com/docs/highlight/styles/github-gist.css]
[unpkg.com/leaflet@1.9.3/dist/leaflet.css]
[unpkg.com/leaflet@1.9.3/dist/leaflet.js]
[leafletjs.com/examples.html]
[leafletjs.com/reference.html]
[leafletjs.com/download.html]
[leafletjs.com/plugins.html]
[leafletjs.com/blog.html]
[leafletjs.com/2022/09/21/leaflet-1.9.0.html]
[platform.twitter.com/widgets.js]
[leafletjs.com/examples/quick-start/index.html]
[leafletjs.com/docs/images/twitter-round.png]
[leafletjs.com/docs/images/github-round.png]
[leafletjs.com/docs/images/forum-round.png]
[leafletjs.com/dialog/dialog.js]
[leafletjs.com/docs/js/docs.js]
[leafletjs.com/index.html]
[leafletjs.com/docs/css/normalize.css]
[leafletjs.com/docs/images/logos.png]
[leafletjs.com/docs/images/sprite.png]
[leafletjs.com/docs/images/sprite.svg]
[leafletjs.com/docs/css/main.css]
[leafletjs.com/docs/highlight/styles/github-gist.css]
[unpkg.com/leaflet@1.9.3/dist/images/layers.png]
[unpkg.com/leaflet@1.9.3/dist/images/layers-2x.png]
[unpkg.com/leaflet@1.9.3/dist/images/marker-icon.png]
[unpkg.com/leaflet@1.9.3/dist/leaflet.css]
[tile.openstreetmap.org/{z}/{x}/{y}.html]
[leafletjs.com/index-2.html]
[leafletjs.com/examples/quick-start/thumbnail.png]
[leafletjs.com/examples/mobile/thumbnail.png]
[leafletjs.com/examples/custom-icons/thumbnail.png]
[leafletjs.com/examples/accessibility/thumbnail.png]
[leafletjs.com/examples/geojson/thumbnail.png]
[leafletjs.com/examples/choropleth/thumbnail.png]
[leafletjs.com/examples/mobile/index.html]
[leafletjs.com/examples/layers-control/thumbnail.png]
[leafletjs.com/examples/zoom-levels/thumbnail.png]
[leafletjs.com/examples/crs-simple/crs-simple.html]
[leafletjs.com/examples/crs-simple/thumbnail.png]
[leafletjs.com/examples/custom-icons/index.html]
[leafletjs.com/examples/wms/wms.html]
[leafletjs.com/examples/wms/thumbnail.png]
[leafletjs.com/examples/map-panes/thumbnail.png]
[leafletjs.com/examples/overlays/thumbnail.gif]
[leafletjs.com/examples/accessibility/index.html]
[leafletjs.com/examples/extending/extending-1-classes.html]
[leafletjs.com/examples/extending/thumbnail-1.png]
[leafletjs.com/examples/geojson/index.html]
[leafletjs.com/examples/extending/extending-2-layers.html]
[leafletjs.com/examples/extending/thumbnail-2.png]
[leafletjs.com/examples/choropleth/index.html]
[leafletjs.com/examples/extending/extending-3-controls.html]
[leafletjs.com/examples/extending/thumbnail-3.png]
[leafletjs.com/examples.html]
[leafletjs.com/examples/layers-control/index.html]
[leafletjs.com/docs/css/reference.css]
[leafletjs.com/examples/zoom-levels/index.html]
[leafletjs.com/reference-versions.html]
[leafletjs.com/docs/js/reference.js]
[leafletjs.com/reference.html]
[leafletjs.com/examples/map-panes/index.html]
[leafletjs.com/download.html]
[leafletjs.com/examples/overlays/index.html]
[github.com/GeoSensorWebLab/polarmap.html]
[github.com/giscience/geogrid.html]
[leafletjs.com/javascript/3/jssamples/widget_home.html]
[github.com/springmeyer/arc.html]
[leafletjs.com/plugins.html]
[github.com/leaflet-extras/leaflet.html]
[leafletjs.com/2022/04/18/leaflet-1.8.0.html]
[leafletjs.com/2020/09/04/leaflet-1.7.1.html]
[leafletjs.com/2019/11/17/leaflet-1.6.0.html]
[leafletjs.com/2019/05/08/leaflet-1.5.1.html]
[leafletjs.com/2019/05/08/leaflet-1.5.0.html]
[leafletjs.com/2018/12/30/leaflet-1.4.0.html]
[leafletjs.com/2018/08/21/leaflet-1.3.4.html]
[leafletjs.com/2018/07/18/leaflet-1.3.3.html]
[leafletjs.com/2018/07/17/leaflet-1.3.2.html]
[leafletjs.com/2018/01/18/leaflet-1.3.1.html]
[leafletjs.com/2018/01/15/leaflet-1.3.0.html]
[leafletjs.com/2017/08/08/leaflet-1.2.0.html]
[leafletjs.com/2017/06/27/leaflet-1.1.0.html]
[leafletjs.com/2017/01/23/leaflet-1.0.3.html]
[leafletjs.com/2016/11/21/leaflet-1.0.2.html]
[leafletjs.com/2016/09/27/leaflet-1.0-final.html]
[leafletjs.com/2016/08/05/leaflet-1.0-rc3.html]
[leafletjs.com/2016/07/16/leaflet-1.0-rc2.html]
[leafletjs.com/2016/04/18/leaflet-1.0-rc1.html]
[leafletjs.com/2016/03/20/debugging-touch-interactions.html]
[leafletjs.com/2015/10/14/leaflet-1.0-beta2-released.html]
[leafletjs.com/2015/09/01/leaflet-0.7.4-released.html]
[leafletjs.com/2015/07/15/leaflet-1.0-beta1-released.html]
[leafletjs.com/2015/07/01/leaflet-is-alive-and-kicking.html]
[leafletjs.com/2013/11/18/leaflet-0-7-released-plans-for-future.html]
[leafletjs.com/2013/06/28/leaflet-plugin-authoring-guide.html]
[leafletjs.com/2013/06/26/leaflet-0-6-released-dc-code-sprint-mapbox.html]
[leafletjs.com/2013/02/20/guest-post-draw.html]
[leafletjs.com/2013/01/17/leaflet-0-5-released.html]
[leafletjs.com/2012/10/25/leaflet-0-4-5-bugfix-release-and-plans-for-0.5.html]
[leafletjs.com/2012/08/20/guest-post-markerclusterer-0-1-released.html]
[leafletjs.com/2012/08/07/leaflet-0-4-3-and-a-new-tutorial.html]
[leafletjs.com/2012/07/30/leaflet-0-4-released.html]
[leafletjs.com/blog.html]
[leafletjs.com/2022/09/21/leaflet-1.9.0.html]
[leafletjs.com/examples/quick-start/example.html]
[leafletjs.com/examples/quick-start/example-basic.html]
[leafletjs.com/examples/quick-start/index.html]
[leafletjs.com/examples/quick-start/example-overlays.html]
[leafletjs.com/docs/images/sprite.svg]
[leafletjs.com/index-2.html]
[leafletjs.com/examples/mobile/index.html]
[leafletjs.com/examples/custom-icons/index.html]
[leafletjs.com/examples/accessibility/index.html]
[leafletjs.com/examples/geojson/index.html]
[leafletjs.com/examples/choropleth/index.html]
[leafletjs.com/examples/layers-control/index.html]
[leafletjs.com/examples/zoom-levels/index.html]
[leafletjs.com/examples/crs-simple/crs-simple.html]
[leafletjs.com/examples/wms/wms.html]
[leafletjs.com/examples/map-panes/index.html]
[leafletjs.com/examples/overlays/index.html]
[leafletjs.com/examples/extending/extending-1-classes.html]
[leafletjs.com/examples/extending/extending-2-layers.html]
[leafletjs.com/examples/extending/extending-3-controls.html]
[leafletjs.com/docs/css/reference.css]
[leafletjs.com/reference-versions.html]
[github.com/GeoSensorWebLab/polarmap.html]
[github.com/giscience/geogrid.html]
[leafletjs.com/javascript/3/jssamples/widget_home.html]
[github.com/springmeyer/arc.html]
[github.com/leaflet-extras/leaflet.html]
[leafletjs.com/2022/04/18/leaflet-1.8.0.html]
[leafletjs.com/2020/09/04/leaflet-1.7.1.html]
[leafletjs.com/2019/11/17/leaflet-1.6.0.html]
[leafletjs.com/2019/05/08/leaflet-1.5.1.html]
[leafletjs.com/2019/05/08/leaflet-1.5.0.html]
[leafletjs.com/2018/12/30/leaflet-1.4.0.html]
[leafletjs.com/2018/08/21/leaflet-1.3.4.html]
[leafletjs.com/2018/07/18/leaflet-1.3.3.html]
[leafletjs.com/2018/07/17/leaflet-1.3.2.html]
[leafletjs.com/2018/01/18/leaflet-1.3.1.html]
[leafletjs.com/2018/01/15/leaflet-1.3.0.html]
[leafletjs.com/2017/08/08/leaflet-1.2.0.html]
[leafletjs.com/2017/06/27/leaflet-1.1.0.html]
[leafletjs.com/2017/01/23/leaflet-1.0.3.html]
[leafletjs.com/2016/11/21/leaflet-1.0.2.html]
[leafletjs.com/2016/09/27/leaflet-1.0-final.html]
[leafletjs.com/2016/08/05/leaflet-1.0-rc3.html]
[leafletjs.com/2016/07/16/leaflet-1.0-rc2.html]
[leafletjs.com/2016/04/18/leaflet-1.0-rc1.html]
[leafletjs.com/2016/03/20/debugging-touch-interactions.html]
[leafletjs.com/2015/10/14/leaflet-1.0-beta2-released.html]
[leafletjs.com/2015/09/01/leaflet-0.7.4-released.html]
[leafletjs.com/2015/07/15/leaflet-1.0-beta1-released.html]
[leafletjs.com/2015/07/01/leaflet-is-alive-and-kicking.html]
[leafletjs.com/2013/11/18/leaflet-0-7-released-plans-for-future.html]
[leafletjs.com/2013/06/28/leaflet-plugin-authoring-guide.html]
[leafletjs.com/2013/06/26/leaflet-0-6-released-dc-code-sprint-mapbox.html]
[leafletjs.com/2013/02/20/guest-post-draw.html]
[leafletjs.com/2013/01/17/leaflet-0-5-released.html]
[leafletjs.com/2012/10/25/leaflet-0-4-5-bugfix-release-and-plans-for-0.5.html]
[leafletjs.com/2012/08/20/guest-post-markerclusterer-0-1-released.html]
[leafletjs.com/2012/08/07/leaflet-0-4-3-and-a-new-tutorial.html]
[leafletjs.com/2012/07/30/leaflet-0-4-released.html]
[leafletjs.com/examples/quick-start/example.html]
[leafletjs.com/examples/quick-start/example-basic.html]
[leafletjs.com/examples/quick-start/example-overlays.html]
