[es.javascript.info/index.html]
[backblue.gif]
[fade.gif]
[index.html]
[es.javascript.info/pack/styles.40bd864cfdb7b5d1a94b.css]
[es.javascript.info/img/favicon/apple-touch-icon-precomposed.png]
[es.javascript.info/img/favicon/favicon.png]
[www.google-analytics.com/analytics.js]
[es.javascript.info/pack/init.da0cbf9711553523e21d.js]
[mc.yandex.ru/metrika/watch.js]
[es.javascript.info/pack/head.d82dc89d7b800e91179f.js]
[es.javascript.info/pack/tutorial.7967275b5846db2d02db.js]
[es.javascript.info/pack/frontpage.50e557964543f22dd142.js]
[es.javascript.info/pack/frontpage.50e557964543f22dd142.css]
[es.javascript.info/pack/footer.378d5659c5f335e3ee99.js]
[es.javascript.info/img/sitetoolbar__logo_en.svg]
[es.javascript.info/img/sitetoolbar__logo_en-white.svg]
[es.javascript.info/img/sitetoolbar__logo_small_en.svg]
[es.javascript.info/img/sitetoolbar__logo_small_en-white.svg]
[es.javascript.info/ebook.html]
[es.javascript.info/tutorial/map.html]
[es.javascript.info/getting-started.html]
[es.javascript.info/intro.html]
[es.javascript.info/manuals-specifications.html]
[es.javascript.info/code-editors.html]
[es.javascript.info/devtools.html]
[es.javascript.info/first-steps.html]
[es.javascript.info/hello-world.html]
[es.javascript.info/structure.html]
[es.javascript.info/strict-mode.html]
[es.javascript.info/variables.html]
[es.javascript.info/types.html]
[es.javascript.info/alert-prompt-confirm.html]
[es.javascript.info/type-conversions.html]
[es.javascript.info/operators.html]
[es.javascript.info/comparison.html]
[es.javascript.info/ifelse.html]
[es.javascript.info/logical-operators.html]
[es.javascript.info/nullish-coalescing-operator.html]
[es.javascript.info/while-for.html]
[es.javascript.info/switch.html]
[es.javascript.info/function-basics.html]
[es.javascript.info/function-expressions.html]
[es.javascript.info/arrow-functions-basics.html]
[es.javascript.info/javascript-specials.html]
[es.javascript.info/code-quality.html]
[es.javascript.info/debugging-chrome.html]
[es.javascript.info/coding-style.html]
[es.javascript.info/comments.html]
[es.javascript.info/ninja-code.html]
[es.javascript.info/testing-mocha.html]
[es.javascript.info/polyfills.html]
[es.javascript.info/object-basics.html]
[es.javascript.info/object.html]
[es.javascript.info/object-copy.html]
[es.javascript.info/garbage-collection.html]
[es.javascript.info/object-methods.html]
[es.javascript.info/constructor-new.html]
[es.javascript.info/optional-chaining.html]
[es.javascript.info/symbol.html]
[es.javascript.info/object-toprimitive.html]
[es.javascript.info/data-types.html]
[es.javascript.info/primitives-methods.html]
[es.javascript.info/number.html]
[es.javascript.info/string.html]
[es.javascript.info/array.html]
[es.javascript.info/array-methods.html]
[es.javascript.info/iterable.html]
[es.javascript.info/map-set.html]
[es.javascript.info/weakmap-weakset.html]
[es.javascript.info/keys-values-entries.html]
[es.javascript.info/destructuring-assignment.html]
[es.javascript.info/date.html]
[es.javascript.info/json.html]
[es.javascript.info/advanced-functions.html]
[es.javascript.info/recursion.html]
[es.javascript.info/rest-parameters-spread.html]
[es.javascript.info/closure.html]
[es.javascript.info/var.html]
[es.javascript.info/global-object.html]
[es.javascript.info/function-object.html]
[es.javascript.info/new-function.html]
[es.javascript.info/settimeout-setinterval.html]
[es.javascript.info/call-apply-decorators.html]
[es.javascript.info/bind.html]
[es.javascript.info/arrow-functions.html]
[es.javascript.info/object-properties.html]
[es.javascript.info/property-descriptors.html]
[es.javascript.info/property-accessors.html]
[es.javascript.info/prototypes.html]
[es.javascript.info/prototype-inheritance.html]
[es.javascript.info/function-prototype.html]
[es.javascript.info/native-prototypes.html]
[es.javascript.info/prototype-methods.html]
[es.javascript.info/classes.html]
[es.javascript.info/class.html]
[es.javascript.info/class-inheritance.html]
[es.javascript.info/static-properties-methods.html]
[es.javascript.info/private-protected-properties-methods.html]
[es.javascript.info/extend-natives.html]
[es.javascript.info/instanceof.html]
[es.javascript.info/mixins.html]
[es.javascript.info/error-handling.html]
[es.javascript.info/try-catch.html]
[es.javascript.info/custom-errors.html]
[es.javascript.info/async.html]
[es.javascript.info/callbacks.html]
[es.javascript.info/promise-basics.html]
[es.javascript.info/promise-chaining.html]
[es.javascript.info/promise-error-handling.html]
[es.javascript.info/promise-api.html]
[es.javascript.info/promisify.html]
[es.javascript.info/microtask-queue.html]
[es.javascript.info/async-await.html]
[es.javascript.info/generators-iterators.html]
[es.javascript.info/generators.html]
[es.javascript.info/async-iterators-generators.html]
[es.javascript.info/modules.html]
[es.javascript.info/modules-intro.html]
[es.javascript.info/import-export.html]
[es.javascript.info/modules-dynamic-imports.html]
[es.javascript.info/js-misc.html]
[es.javascript.info/proxy.html]
[es.javascript.info/eval.html]
[es.javascript.info/currying-partials.html]
[es.javascript.info/reference-type.html]
[es.javascript.info/bigint.html]
[es.javascript.info/unicode.html]
[es.javascript.info/document.html]
[es.javascript.info/browser-environment.html]
[es.javascript.info/dom-nodes.html]
[es.javascript.info/dom-navigation.html]
[es.javascript.info/searching-elements-dom.html]
[es.javascript.info/basic-dom-node-properties.html]
[es.javascript.info/dom-attributes-and-properties.html]
[es.javascript.info/modifying-document.html]
[es.javascript.info/styles-and-classes.html]
[es.javascript.info/size-and-scroll.html]
[es.javascript.info/size-and-scroll-window.html]
[es.javascript.info/coordinates.html]
[es.javascript.info/events.html]
[es.javascript.info/introduction-browser-events.html]
[es.javascript.info/bubbling-and-capturing.html]
[es.javascript.info/event-delegation.html]
[es.javascript.info/default-browser-action.html]
[es.javascript.info/dispatch-events.html]
[es.javascript.info/event-details.html]
[es.javascript.info/mouse-events-basics.html]
[es.javascript.info/mousemove-mouseover-mouseout-mouseenter-mouseleave.html]
[es.javascript.info/mouse-drag-and-drop.html]
[es.javascript.info/pointer-events.html]
[es.javascript.info/keyboard-events.html]
[es.javascript.info/onscroll.html]
[es.javascript.info/forms-controls.html]
[es.javascript.info/form-elements.html]
[es.javascript.info/focus-blur.html]
[es.javascript.info/events-change-input.html]
[es.javascript.info/forms-submit.html]
[es.javascript.info/loading.html]
[es.javascript.info/onload-ondomcontentloaded.html]
[es.javascript.info/script-async-defer.html]
[es.javascript.info/onload-onerror.html]
[es.javascript.info/ui-misc.html]
[es.javascript.info/mutation-observer.html]
[es.javascript.info/selection-range.html]
[es.javascript.info/event-loop.html]
[es.javascript.info/frames-and-windows.html]
[es.javascript.info/popup-windows.html]
[es.javascript.info/cross-window-communication.html]
[es.javascript.info/clickjacking.html]
[es.javascript.info/binary.html]
[es.javascript.info/arraybuffer-binary-arrays.html]
[es.javascript.info/text-decoder.html]
[es.javascript.info/blob.html]
[es.javascript.info/file.html]
[es.javascript.info/network.html]
[es.javascript.info/fetch.html]
[es.javascript.info/formdata.html]
[es.javascript.info/fetch-progress.html]
[es.javascript.info/fetch-abort.html]
[es.javascript.info/fetch-crossorigin.html]
[es.javascript.info/fetch-api.html]
[es.javascript.info/url.html]
[es.javascript.info/xmlhttprequest.html]
[es.javascript.info/resume-upload.html]
[es.javascript.info/long-polling.html]
[es.javascript.info/websocket.html]
[es.javascript.info/server-sent-events.html]
[es.javascript.info/data-storage.html]
[es.javascript.info/cookie.html]
[es.javascript.info/localstorage.html]
[es.javascript.info/indexeddb.html]
[es.javascript.info/animation.html]
[es.javascript.info/bezier-curve.html]
[es.javascript.info/css-animations.html]
[es.javascript.info/js-animation.html]
[es.javascript.info/web-components.html]
[es.javascript.info/webcomponents-intro.html]
[es.javascript.info/custom-elements.html]
[es.javascript.info/shadow-dom.html]
[es.javascript.info/template-element.html]
[es.javascript.info/slots-composition.html]
[es.javascript.info/shadow-dom-style.html]
[es.javascript.info/shadow-dom-events.html]
[es.javascript.info/regular-expressions.html]
[es.javascript.info/regexp-introduction.html]
[es.javascript.info/regexp-character-classes.html]
[es.javascript.info/regexp-unicode.html]
[es.javascript.info/regexp-anchors.html]
[es.javascript.info/regexp-multiline-mode.html]
[es.javascript.info/regexp-boundary.html]
[es.javascript.info/regexp-escaping.html]
[es.javascript.info/regexp-character-sets-and-ranges.html]
[es.javascript.info/regexp-quantifiers.html]
[es.javascript.info/regexp-greedy-and-lazy.html]
[es.javascript.info/regexp-groups.html]
[es.javascript.info/regexp-backreferences.html]
[es.javascript.info/regexp-alternation.html]
[es.javascript.info/regexp-lookahead-lookbehind.html]
[es.javascript.info/regexp-catastrophic-backtracking.html]
[es.javascript.info/regexp-sticky.html]
[es.javascript.info/regexp-methods.html]
[es.javascript.info/index.html]
[es.javascript.info/about.html]
[es.javascript.info/pack/modules/styles/blocks/banner-bottom/banner-courses.62c48653b7e0dbbe06616e14e4e47f91.svg]
[es.javascript.info/pack/modules/styles/blocks/font/icons.b9ad9f78107447198d61a582feac1862.woff]
[es.javascript.info/pack/modules/styles/blocks/font/icons.c17c7e4542b54991c2bad160b17a1354.otf]
[es.javascript.info/pack/modules/styles/blocks/lessons-list/checkmark.55272c9b238919af393a7b8fba67b328.svg]
[es.javascript.info/pack/modules/styles/blocks/mdeditor/resize-vertical.40ef55578ab83605376e0ecdb3e48aff.svg]
[es.javascript.info/img/checkmark.svg]
[es.javascript.info/pack/modules/styles/blocks/page-footer/slack.8559a3750105522de87657cad56c63d1.svg]
[es.javascript.info/pack/modules/styles/blocks/page-wrapper/ebook_bg.d0e79db126d43cfe5399902c8bcb9880.svg]
[es.javascript.info/pack/modules/styles/blocks/page-wrapper/profile_bg.b2fcab271dcbc55adef1188121400f25.png]
[es.javascript.info/pack/modules/styles/blocks/receipts/receipts__bg.413a20d949507701d49bfb20f506bb18.svg]
[es.javascript.info/pack/modules/styles/blocks/receipts/pay-logo-banksimple.360f045dbdc439951385904dfef9a4ea.svg]
[es.javascript.info/pack/modules/styles/blocks/receipts/pay-logo-interkassa.061691c5d782b4b99d4c3e9797da6351.svg]
[es.javascript.info/pack/modules/styles/blocks/receipts/pay-logo-payanyway.b76b66a121e198d0e708f047b82e05fc.svg]
[es.javascript.info/pack/modules/styles/blocks/receipts/pay-logo-paypal.9977c3c0b4f689df7a14191d0e31a565.svg]
[es.javascript.info/pack/modules/styles/blocks/receipts/pay-logo-webmoney.a2d7731f4b07a06159fb4cd96410474c.svg]
[es.javascript.info/pack/modules/styles/blocks/receipts/pay-logo-yandexmoney.5ecc4a8570830c9bfbe482c9375d9fba.svg]
[es.javascript.info/pack/templates/blocks/courses-header/background.b634d17122875cb0ab395988176d007a.png]
[es.javascript.info/pack/templates/blocks/courses-header/tr.fbd590d8cd2a1370e8ebf3d68478bc09.svg]
[es.javascript.info/pack/templates/blocks/courses-header/arrow-without-circle.c008b2f712ab98151694abd0035b2365.svg]
[es.javascript.info/frontpage/is-listed.svg]
[es.javascript.info/pack/styles.40bd864cfdb7b5d1a94b.css]
[es.javascript.info/pack/frontpage.50e557964543f22dd142.css]
[es.javascript.info/img/sitetoolbar__logo_en.svg]
[es.javascript.info/img/sitetoolbar__logo_en-white.svg]
[es.javascript.info/img/sitetoolbar__logo_small_en.svg]
[es.javascript.info/img/sitetoolbar__logo_small_en-white.svg]
[es.javascript.info/frontpage/is-new-course.svg]
[es.javascript.info/pack/ebook.fdf7183a7cb9da7335c6.js]
[es.javascript.info/pack/ebook.fdf7183a7cb9da7335c6.css]
[es.javascript.info/ebook/demo.zip]
[es.javascript.info/ebook/js.png]
[es.javascript.info/ebook.html]
[es.javascript.info/task/hello-alert.html]
[es.javascript.info/task/hello-alert-ext.html]
[es.javascript.info/task/hello-variables.html]
[es.javascript.info/task/declare-variables.html]
[es.javascript.info/task/uppercast-constant.html]
[es.javascript.info/task/string-quotes.html]
[es.javascript.info/task/simple-page.html]
[es.javascript.info/task/increment-order.html]
[es.javascript.info/task/assignment-result.html]
[es.javascript.info/task/primitive-conversions-questions.html]
[es.javascript.info/task/fix-prompt.html]
[es.javascript.info/task/comparison-questions.html]
[es.javascript.info/task/if-zero-string.html]
[es.javascript.info/task/check-standard.html]
[es.javascript.info/task/sign.html]
[es.javascript.info/task/rewrite-if-question.html]
[es.javascript.info/task/rewrite-if-else-question.html]
[es.javascript.info/task/alert-null-2-undefined.html]
[es.javascript.info/task/alert-or.html]
[es.javascript.info/task/alert-1-null-2.html]
[es.javascript.info/task/alert-and.html]
[es.javascript.info/task/alert-and-or.html]
[es.javascript.info/task/check-if-in-range.html]
[es.javascript.info/task/check-if-out-range.html]
[es.javascript.info/task/if-question.html]
[es.javascript.info/task/check-login.html]
[es.javascript.info/task/loop-last-value.html]
[es.javascript.info/task/which-value-while.html]
[es.javascript.info/task/which-value-for.html]
[es.javascript.info/task/for-even.html]
[es.javascript.info/task/replace-for-while.html]
[es.javascript.info/task/repeat-until-correct.html]
[es.javascript.info/task/list-primes.html]
[es.javascript.info/task/rewrite-switch-if-else.html]
[es.javascript.info/task/rewrite-if-switch.html]
[es.javascript.info/task/if-else-required.html]
[es.javascript.info/task/rewrite-function-question-or.html]
[es.javascript.info/task/min.html]
[es.javascript.info/task/pow.html]
[es.javascript.info/task/rewrite-arrow.html]
[es.javascript.info/task/style-errors.html]
[es.javascript.info/task/pow-test-wrong.html]
[es.javascript.info/task/hello-object.html]
[es.javascript.info/task/is-empty.html]
[es.javascript.info/task/sum-object.html]
[es.javascript.info/task/multiply-numeric.html]
[es.javascript.info/task/object-property-this.html]
[es.javascript.info/task/calculator.html]
[es.javascript.info/task/chain-calls.html]
[es.javascript.info/task/two-functions-one-object.html]
[es.javascript.info/task/calculator-constructor.html]
[es.javascript.info/task/accumulator.html]
[es.javascript.info/task/string-new-property.html]
[es.javascript.info/task/sum-interface.html]
[es.javascript.info/task/why-rounded-down.html]
[es.javascript.info/task/repeat-until-number.html]
[es.javascript.info/task/endless-loop-error.html]
[es.javascript.info/task/random-min-max.html]
[es.javascript.info/task/random-int-min-max.html]
[es.javascript.info/task/ucfirst.html]
[es.javascript.info/task/check-spam.html]
[es.javascript.info/task/truncate.html]
[es.javascript.info/task/extract-currency.html]
[es.javascript.info/task/item-value.html]
[es.javascript.info/task/create-array.html]
[es.javascript.info/task/call-array-this.html]
[es.javascript.info/task/array-input-sum.html]
[es.javascript.info/task/maximal-subarray.html]
[es.javascript.info/task/camelcase.html]
[es.javascript.info/task/filter-range.html]
[es.javascript.info/task/filter-range-in-place.html]
[es.javascript.info/task/sort-back.html]
[es.javascript.info/task/copy-sort-array.html]
[es.javascript.info/task/calculator-extendable.html]
[es.javascript.info/task/array-get-names.html]
[es.javascript.info/task/map-objects.html]
[es.javascript.info/task/sort-objects.html]
[es.javascript.info/task/shuffle.html]
[es.javascript.info/task/average-age.html]
[es.javascript.info/task/array-unique.html]
[es.javascript.info/task/reduce-object.html]
[es.javascript.info/task/array-unique-map.html]
[es.javascript.info/task/filter-anagrams.html]
[es.javascript.info/task/iterable-keys.html]
[es.javascript.info/task/recipients-read.html]
[es.javascript.info/task/recipients-when-read.html]
[es.javascript.info/task/sum-salaries.html]
[es.javascript.info/task/count-properties.html]
[es.javascript.info/task/destruct-user.html]
[es.javascript.info/task/max-salary.html]
[es.javascript.info/task/new-date.html]
[es.javascript.info/task/get-week-day.html]
[es.javascript.info/task/weekday.html]
[es.javascript.info/task/get-date-ago.html]
[es.javascript.info/task/last-day-of-month.html]
[es.javascript.info/task/get-seconds-today.html]
[es.javascript.info/task/get-seconds-to-tomorrow.html]
[es.javascript.info/task/format-date-relative.html]
[es.javascript.info/task/serialize-object.html]
[es.javascript.info/task/serialize-event-circular.html]
[es.javascript.info/task/sum-to.html]
[es.javascript.info/task/factorial.html]
[es.javascript.info/task/fibonacci-numbers.html]
[es.javascript.info/task/output-single-linked-list.html]
[es.javascript.info/task/output-single-linked-list-reverse.html]
[es.javascript.info/task/closure-latest-changes.html]
[es.javascript.info/task/closure-variable-access.html]
[es.javascript.info/task/counter-independent.html]
[es.javascript.info/task/counter-object-independent.html]
[es.javascript.info/task/function-in-if.html]
[es.javascript.info/task/closure-sum.html]
[es.javascript.info/task/let-scope.html]
[es.javascript.info/task/filter-through-function.html]
[es.javascript.info/task/sort-by-field.html]
[es.javascript.info/task/make-army.html]
[es.javascript.info/task/counter-inc-dec.html]
[es.javascript.info/task/sum-many-brackets.html]
[es.javascript.info/task/output-numbers-100ms.html]
[es.javascript.info/task/settimeout-result.html]
[es.javascript.info/task/spy-decorator.html]
[es.javascript.info/task/delay.html]
[es.javascript.info/task/debounce.html]
[es.javascript.info/task/throttle.html]
[es.javascript.info/task/write-to-object-after-bind.html]
[es.javascript.info/task/second-bind.html]
[es.javascript.info/task/function-property-after-bind.html]
[es.javascript.info/task/question-use-bind.html]
[es.javascript.info/task/ask-partial.html]
[es.javascript.info/task/property-after-delete.html]
[es.javascript.info/task/search-algorithm.html]
[es.javascript.info/task/proto-and-this.html]
[es.javascript.info/task/hamster-proto.html]
[es.javascript.info/task/changing-prototype.html]
[es.javascript.info/task/new-object-same-constructor.html]
[es.javascript.info/task/defer-to-prototype.html]
[es.javascript.info/task/defer-to-prototype-extended.html]
[es.javascript.info/task/dictionary-tostring.html]
[es.javascript.info/task/compare-calls.html]
[es.javascript.info/task/rewrite-to-class.html]
[es.javascript.info/task/class-constructor-error.html]
[es.javascript.info/task/clock-class-extended.html]
[es.javascript.info/task/class-extend-object.html]
[es.javascript.info/task/strange-instanceof.html]
[es.javascript.info/task/finally-or-code-after.html]
[es.javascript.info/task/format-error.html]
[es.javascript.info/task/re-resolve.html]
[es.javascript.info/task/delay-promise.html]
[es.javascript.info/task/animate-circle-promise.html]
[es.javascript.info/task/then-vs-catch.html]
[es.javascript.info/task/error-async.html]
[es.javascript.info/task/rewrite-async.html]
[es.javascript.info/task/rewrite-async-2.html]
[es.javascript.info/task/async-from-regular.html]
[es.javascript.info/task/pseudo-random-generator.html]
[es.javascript.info/task/error-nonexisting.html]
[es.javascript.info/task/array-negative.html]
[es.javascript.info/task/observable.html]
[es.javascript.info/task/eval-calculator.html]
[es.javascript.info/task/check-syntax.html]
[es.javascript.info/task/why-this.html]
[es.javascript.info/task/dom-children.html]
[es.javascript.info/task/navigation-links-which-null.html]
[es.javascript.info/task/select-diagonal-cells.html]
[es.javascript.info/task/find-elements.html]
[es.javascript.info/task/tree-info.html]
[es.javascript.info/task/lastchild-nodetype-inline.html]
[es.javascript.info/task/tag-in-comment.html]
[es.javascript.info/task/where-document-in-hierarchy.html]
[es.javascript.info/task/get-user-attribute.html]
[es.javascript.info/task/yellow-links.html]
[es.javascript.info/task/createtextnode-vs-innerhtml.html]
[es.javascript.info/task/clear-elem.html]
[es.javascript.info/task/why-aaa.html]
[es.javascript.info/task/create-list.html]
[es.javascript.info/task/create-object-tree.html]
[es.javascript.info/task/tree-count.html]
[es.javascript.info/task/calendar-table.html]
[es.javascript.info/task/clock-setinterval.html]
[es.javascript.info/task/append-to-list.html]
[es.javascript.info/task/sort-table.html]
[es.javascript.info/task/create-notification.html]
[es.javascript.info/task/get-scroll-height-bottom.html]
[es.javascript.info/task/scrollbar-width.html]
[es.javascript.info/task/put-ball-in-center.html]
[es.javascript.info/task/width-vs-clientwidth.html]
[es.javascript.info/task/find-point-coordinates.html]
[es.javascript.info/task/position-at.html]
[es.javascript.info/task/position-at-absolute.html]
[es.javascript.info/task/position-inside-absolute.html]
[es.javascript.info/task/hide-other.html]
[es.javascript.info/task/hide-self-onclick.html]
[es.javascript.info/task/which-handlers-run.html]
[es.javascript.info/task/move-ball-field.html]
[es.javascript.info/task/sliding-menu.html]
[es.javascript.info/task/hide-message.html]
[es.javascript.info/task/carousel.html]
[es.javascript.info/task/hide-message-delegate.html]
[es.javascript.info/task/sliding-tree.html]
[es.javascript.info/task/sortable-table.html]
[es.javascript.info/task/behavior-tooltip.html]
[es.javascript.info/task/why-return-false-fails.html]
[es.javascript.info/task/catch-link-navigation.html]
[es.javascript.info/task/image-gallery.html]
[es.javascript.info/task/selectable-list.html]
[es.javascript.info/task/behavior-nested-tooltip.html]
[es.javascript.info/task/hoverintent.html]
[es.javascript.info/task/slider.html]
[es.javascript.info/task/drag-heroes.html]
[es.javascript.info/task/check-sync-keydown.html]
[es.javascript.info/task/endless-page.html]
[es.javascript.info/task/updown-button.html]
[es.javascript.info/task/load-visible-img.html]
[es.javascript.info/task/add-select-option.html]
[es.javascript.info/task/editable-div.html]
[es.javascript.info/task/edit-td-click.html]
[es.javascript.info/task/keyboard-mouse.html]
[es.javascript.info/task/deposit-calculator.html]
[es.javascript.info/task/modal-dialog.html]
[es.javascript.info/task/load-img-callback.html]
[es.javascript.info/task/micro-macro-queue.html]
[es.javascript.info/task/concat.html]
[es.javascript.info/task/fetch-users.html]
[es.javascript.info/task/do-we-need-origin.html]
[es.javascript.info/task/form-autosave.html]
[es.javascript.info/task/animate-logo-css.html]
[es.javascript.info/task/animate-logo-bezier-css.html]
[es.javascript.info/task/animate-circle.html]
[es.javascript.info/task/animate-circle-callback.html]
[es.javascript.info/task/animate-ball.html]
[es.javascript.info/task/animate-ball-hops.html]
[es.javascript.info/task/live-timer.html]
[es.javascript.info/task/start-end.html]
[es.javascript.info/task/find-time-hh-mm.html]
[es.javascript.info/task/find-range-1.html]
[es.javascript.info/task/find-time-2-formats.html]
[es.javascript.info/task/find-text-manydots.html]
[es.javascript.info/task/find-html-colors-6hex.html]
[es.javascript.info/task/lazy-greedy.html]
[es.javascript.info/task/find-html-comments.html]
[es.javascript.info/task/find-html-tags-greedy-lazy.html]
[es.javascript.info/task/test-mac.html]
[es.javascript.info/task/find-webcolor-3-or-6.html]
[es.javascript.info/task/find-decimal-numbers.html]
[es.javascript.info/task/parse-expression.html]
[es.javascript.info/task/find-programming-language.html]
[es.javascript.info/task/find-matching-bbtags.html]
[es.javascript.info/task/match-quoted-string.html]
[es.javascript.info/task/match-exact-tag.html]
[es.javascript.info/task/find-non-negative-integers.html]
[es.javascript.info/tutorial/map.html]
[es.javascript.info/task/insert-after-head.html]
[es.javascript.info/getting-started.html]
[es.javascript.info/js.html]
[es.wikipedia.org/wiki/Node.html]
[es.javascript.info/intro.html]
[es.javascript.info/manuals-specifications.html]
[es.javascript.info/code-editors.html]
[es.javascript.info/article/intro/limitations.svg]
[es.javascript.info/article/devtools/bug.html]
[es.javascript.info/article/devtools/chrome.png]
[es.javascript.info/article/devtools/safari.png]
[es.javascript.info/devtools.html]
[es.javascript.info/first-steps.html]
[es.javascript.info/hello-world.html]
[es.javascript.info/structure.html]
[es.javascript.info/strict-mode.html]
[es.javascript.info/ui.html]
[es.javascript.info/article/variables/variable.svg]
[es.javascript.info/variables.html]
[es.javascript.info/types.html]
[es.javascript.info/alert-prompt-confirm.html]
[es.javascript.info/type-conversions.html]
[es.javascript.info/operators.html]
[es.javascript.info/comparison.html]
[es.javascript.info/article/variables/variable-change.svg]
[es.javascript.info/ifelse.html]
[es.javascript.info/task/check-standard/ifelse_task2.svg]
[es.javascript.info/logical-operators.html]
[es.javascript.info/nullish-coalescing-operator.html]
[es.javascript.info/while-for.html]
[es.javascript.info/switch.html]
[es.javascript.info/function-basics.html]
[es.javascript.info/function-expressions.html]
[es.javascript.info/arrow-functions-basics.html]
[es.javascript.info/javascript-specials.html]
[es.javascript.info/code-quality.html]
[es.javascript.info/task/check-login/ifelse_task.svg]
[es.javascript.info/article/debugging-chrome/largeIcons.svg]
[es.javascript.info/article/debugging-chrome/debugging/index.html]
[es.javascript.info/article/debugging-chrome/chrome-open-sources.svg]
[es.javascript.info/article/debugging-chrome/chrome-tabs.svg]
[es.javascript.info/article/debugging-chrome/chrome-sources-console.svg]
[es.javascript.info/article/debugging-chrome/chrome-sources-breakpoint.svg]
[es.javascript.info/article/debugging-chrome/chrome-sources-debugger-pause.svg]
[es.javascript.info/debugging-chrome.html]
[es.javascript.info/article/debugging-chrome/chrome-sources-debugger-trace-1.svg]
[es.javascript.info/article/coding-style/code-style.svg]
[es.javascript.info/coding-style.html]
[es.javascript.info/comments.html]
[es.javascript.info/ninja-code.html]
[es.javascript.info/testing-mocha.html]
[es.javascript.info/polyfills.html]
[es.javascript.info/object-basics.html]
[github.com/rwaldron/idiomatic.html]
[es.javascript.info/article/object/object.svg]
[es.javascript.info/article/object/object-user-empty.svg]
[es.javascript.info/article/object/object-user.svg]
[es.javascript.info/article/object/object-user-isadmin.svg]
[es.javascript.info/article/object/object-user-delete.svg]
[es.javascript.info/object.html]
[es.javascript.info/article/object/object-user-props.svg]
[es.javascript.info/article/object-copy/variable-copy-value.svg]
[es.javascript.info/article/object-copy/variable-contains-reference.svg]
[es.javascript.info/object-copy.html]
[es.javascript.info/article/object-copy/variable-copy-reference.svg]
[es.javascript.info/article/garbage-collection/memory-user-john.svg]
[es.javascript.info/article/garbage-collection/memory-user-john-lost.svg]
[es.javascript.info/article/garbage-collection/memory-user-john-admin.svg]
[es.javascript.info/article/garbage-collection/family.svg]
[es.javascript.info/article/garbage-collection/family-delete-refs.svg]
[es.javascript.info/article/garbage-collection/family-no-father.svg]
[es.javascript.info/article/garbage-collection/family-no-father-2.svg]
[es.javascript.info/article/garbage-collection/family-no-family.svg]
[es.javascript.info/article/garbage-collection/garbage-collection-1.svg]
[es.javascript.info/article/garbage-collection/garbage-collection-2.svg]
[es.javascript.info/article/garbage-collection/garbage-collection-3.svg]
[es.javascript.info/article/garbage-collection/garbage-collection-4.svg]
[es.javascript.info/garbage-collection.html]
[es.javascript.info/object-methods.html]
[es.javascript.info/constructor-new.html]
[es.javascript.info/optional-chaining.html]
[es.javascript.info/symbol.html]
[es.javascript.info/object-toprimitive.html]
[es.javascript.info/data-types.html]
[es.javascript.info/primitives-methods.html]
[es.javascript.info/number.html]
[es.javascript.info/string.html]
[es.javascript.info/article/garbage-collection/garbage-collection-5.svg]
[es.javascript.info/article/array/queue.svg]
[es.javascript.info/article/array/stack.svg]
[es.javascript.info/article/array/array-speed.svg]
[es.javascript.info/article/array/array-shift.svg]
[es.javascript.info/array.html]
[es.javascript.info/article/array/array-pop.svg]
[es.javascript.info/array-methods.html]
[es.javascript.info/iterable.html]
[es.javascript.info/map-set.html]
[es.javascript.info/weakmap-weakset.html]
[es.javascript.info/keys-values-entries.html]
[es.javascript.info/article/array-methods/reduce.svg]
[es.javascript.info/destructuring-assignment.html]
[es.javascript.info/date.html]
[es.javascript.info/article/destructuring-assignment/destructuring-complex.svg]
[es.javascript.info/json.html]
[es.javascript.info/advanced-functions.html]
[es.javascript.info/article/json/json-meetup.svg]
[es.javascript.info/article/recursion/recursion-pow.svg]
[es.javascript.info/article/recursion/recursive-salaries.svg]
[es.javascript.info/article/recursion/linked-list.svg]
[es.javascript.info/article/recursion/linked-list-split.svg]
[es.javascript.info/article/recursion/linked-list-0.svg]
[es.javascript.info/article/recursion/linked-list-remove-1.svg]
[es.javascript.info/recursion.html]
[es.javascript.info/rest-parameters-spread.html]
[es.javascript.info/task/fibonacci-numbers/fibonacci-recursion-tree.svg]
[es.javascript.info/article/closure/lexical-environment-global.svg]
[es.javascript.info/article/closure/closure-variable-phrase.svg]
[es.javascript.info/article/closure/closure-function-declaration.svg]
[es.javascript.info/article/closure/lexical-environment-simple.svg]
[es.javascript.info/article/closure/lexical-environment-simple-lookup.svg]
[es.javascript.info/article/closure/closure-makecounter.svg]
[es.javascript.info/article/closure/closure-makecounter-environment.svg]
[es.javascript.info/article/closure/closure-makecounter-nested-call.svg]
[es.javascript.info/article/closure/closure-makecounter-nested-call-2.svg]
[es.javascript.info/task/closure-variable-access/lexenv-nested-work.svg]
[es.javascript.info/task/make-army/lexenv-makearmy-empty.svg]
[es.javascript.info/task/make-army/lexenv-makearmy-while-fixed.svg]
[es.javascript.info/closure.html]
[es.javascript.info/var.html]
[es.javascript.info/global-object.html]
[es.javascript.info/function-object.html]
[es.javascript.info/new-function.html]
[es.javascript.info/task/make-army/lexenv-makearmy-for-fixed.svg]
[es.javascript.info/article/settimeout-setinterval/setinterval-interval.svg]
[es.javascript.info/settimeout-setinterval.html]
[es.javascript.info/article/settimeout-setinterval/settimeout-interval.svg]
[es.javascript.info/article/call-apply-decorators/decorator-makecaching-wrapper.svg]
[es.javascript.info/call-apply-decorators.html]
[es.javascript.info/task/debounce/debounce.svg]
[es.javascript.info/bind.html]
[es.javascript.info/arrow-functions.html]
[es.javascript.info/object-properties.html]
[es.javascript.info/property-descriptors.html]
[es.javascript.info/property-accessors.html]
[es.javascript.info/prototypes.html]
[cdnjs.cloudflare.com/ajax/libs/lodash.js/4.14.0/lodash.min.js]
[es.javascript.info/article/prototype-inheritance/object-prototype-empty.svg]
[es.javascript.info/article/prototype-inheritance/proto-animal-rabbit.svg]
[es.javascript.info/article/prototype-inheritance/proto-animal-rabbit-walk.svg]
[es.javascript.info/article/prototype-inheritance/proto-animal-rabbit-chain.svg]
[es.javascript.info/article/prototype-inheritance/proto-animal-rabbit-walk-2.svg]
[es.javascript.info/article/prototype-inheritance/proto-animal-rabbit-walk-3.svg]
[es.javascript.info/prototype-inheritance.html]
[es.javascript.info/article/prototype-inheritance/rabbit-animal-object.svg]
[es.javascript.info/article/function-prototype/proto-constructor-animal-rabbit.svg]
[es.javascript.info/article/function-prototype/function-prototype-constructor.svg]
[es.javascript.info/function-prototype.html]
[es.javascript.info/article/function-prototype/rabbit-prototype-constructor.svg]
[es.javascript.info/article/native-prototypes/object-prototype.svg]
[es.javascript.info/article/native-prototypes/object-prototype-1.svg]
[es.javascript.info/article/native-prototypes/native-prototypes-classes.svg]
[es.javascript.info/article/native-prototypes/native-prototypes-array-tostring.svg]
[es.javascript.info/article/native-prototypes/console_dir_array.png]
[es.javascript.info/native-prototypes.html]
[es.javascript.info/article/prototype-methods/object-prototype-2.svg]
[es.javascript.info/prototype-methods.html]
[es.javascript.info/classes.html]
[es.javascript.info/article/prototype-methods/object-prototype-null.svg]
[es.javascript.info/class.html]
[es.javascript.info/article/class/class-user.svg]
[es.javascript.info/article/class-inheritance/rabbit-animal-independent-animal.svg]
[es.javascript.info/article/class-inheritance/animal-rabbit-extends.svg]
[es.javascript.info/article/class-inheritance/this-super-loop.svg]
[es.javascript.info/class-inheritance.html]
[es.javascript.info/article/class-inheritance/super-homeobject-wrong.svg]
[es.javascript.info/article/static-properties-methods/animal-rabbit-static.svg]
[es.javascript.info/static-properties-methods.html]
[es.javascript.info/task/class-extend-object/rabbit-extends-object.svg]
[es.javascript.info/article/private-protected-properties-methods/coffee.jpg]
[es.javascript.info/private-protected-properties-methods.html]
[es.javascript.info/article/private-protected-properties-methods/coffee-inside.jpg]
[es.javascript.info/extend-natives.html]
[es.javascript.info/article/extend-natives/object-date-inheritance.svg]
[es.javascript.info/instanceof.html]
[es.javascript.info/article/instanceof/instanceof.svg]
[es.javascript.info/mixins.html]
[es.javascript.info/error-handling.html]
[es.javascript.info/article/mixins/mixin-inheritance.svg]
[es.javascript.info/try-catch.html]
[es.javascript.info/custom-errors.html]
[es.javascript.info/async.html]
[es.javascript.info/article/try-catch/try-catch-flow.svg]
[es.javascript.info/callbacks.html]
[es.javascript.info/article/callbacks/callback-hell.svg]
[es.javascript.info/article/promise-basics/promise-resolve-reject.svg]
[es.javascript.info/article/promise-basics/promise-resolve-1.svg]
[es.javascript.info/promise-basics.html]
[es.javascript.info/article/promise-basics/promise-reject-1.svg]
[es.javascript.info/article/promise-chaining/promise-then-chain.svg]
[es.javascript.info/article/promise-chaining/promise-then-many.svg]
[es.javascript.info/promise-chaining.html]
[es.javascript.info/promise-error-handling.html]
[es.javascript.info/promise-api.html]
[es.javascript.info/promisify.html]
[es.javascript.info/article/promise-chaining/promise-handler-variants.svg]
[es.javascript.info/microtask-queue.html]
[es.javascript.info/async-await.html]
[es.javascript.info/generators-iterators.html]
[es.javascript.info/article/microtask-queue/promiseQueue.svg]
[es.javascript.info/article/generators/generateSequence-1.svg]
[es.javascript.info/article/generators/generateSequence-2.svg]
[es.javascript.info/article/generators/generateSequence-3.svg]
[es.javascript.info/article/generators/generateSequence-4.svg]
[es.javascript.info/article/generators/genYield2.svg]
[es.javascript.info/generators.html]
[es.javascript.info/async-iterators-generators.html]
[es.javascript.info/modules.html]
[es.javascript.info/modules-intro.html]
[es.javascript.info/import-export.html]
[es.javascript.info/article/generators/genYield2-2.svg]
[es.javascript.info/modules-dynamic-imports.html]
[es.javascript.info/article/modules-intro/say/index.html]
[es.javascript.info/js-misc.html]
[es.javascript.info/article/modules-intro/scopes/index.html]
[es.javascript.info/article/modules-intro/scopes-working/index.html]
[es.javascript.info/article/modules-dynamic-imports/say/index.html]
[es.javascript.info/proxy.html]
[es.javascript.info/eval.html]
[es.javascript.info/currying-partials.html]
[es.javascript.info/reference-type.html]
[es.javascript.info/bigint.html]
[es.javascript.info/unicode.html]
[es.javascript.info/document.html]
[es.javascript.info/article/proxy/proxy.svg]
[es.javascript.info/browser-environment.html]
[es.javascript.info/article/browser-environment/windowObjects.svg]
[es.js.cx/libs/domtree.css]
[cdnjs.cloudflare.com/ajax/libs/d3/3.5.5/d3.min.js]
[es.js.cx/libs/domtree.js]
[es.javascript.info/article/dom-nodes/toolbarButtonGlyphs.svg]
[es.javascript.info/article/dom-nodes/elk.html]
[es.javascript.info/article/dom-nodes/elk.svg]
[es.javascript.info/article/dom-nodes/inspect.svg]
[es.javascript.info/article/dom-nodes/domconsole0.svg]
[es.javascript.info/dom-nodes.html]
[es.javascript.info/article/dom-nodes/domconsole1.svg]
[es.javascript.info/article/dom-navigation/dom-links.svg]
[es.javascript.info/dom-navigation.html]
[es.javascript.info/article/dom-navigation/dom-links-elements.svg]
[es.javascript.info/searching-elements-dom.html]
[es.javascript.info/task/find-elements/table.html]
[es.javascript.info/basic-dom-node-properties.html]
[es.javascript.info/dom-attributes-and-properties.html]
[es.javascript.info/article/basic-dom-node-properties/dom-class-hierarchy.svg]
[es.javascript.info/article/modifying-document/before-prepend-append-after.svg]
[es.javascript.info/modifying-document.html]
[es.javascript.info/styles-and-classes.html]
[es.javascript.info/article/modifying-document/insert-adjacent.svg]
[es.javascript.info/article/size-and-scroll/metric-css.svg]
[es.javascript.info/article/size-and-scroll/metric-all.svg]
[es.javascript.info/article/size-and-scroll/metric-offset-parent.svg]
[es.javascript.info/article/size-and-scroll/metric-offset-width-height.svg]
[es.javascript.info/article/size-and-scroll/metric-client-left-top.svg]
[es.javascript.info/article/size-and-scroll/metric-client-left-top-rtl.svg]
[es.javascript.info/article/size-and-scroll/metric-client-width-height.svg]
[es.javascript.info/article/size-and-scroll/metric-client-width-nopadding.svg]
[es.javascript.info/article/size-and-scroll/metric-scroll-width-height.svg]
[es.javascript.info/article/size-and-scroll/metric-scroll-top.svg]
[es.javascript.info/size-and-scroll.html]
[es.javascript.info/task/put-ball-in-center/field.svg]
[es.javascript.info/size-and-scroll-window.html]
[es.javascript.info/article/size-and-scroll-window/document-client-width-height.svg]
[es.javascript.info/article/coordinates/document-and-window-coordinates-scrolled.svg]
[es.javascript.info/article/coordinates/coordinates.svg]
[es.javascript.info/coordinates.html]
[es.javascript.info/events.html]
[es.javascript.info/article/coordinates/coordinates-negative.svg]
[es.javascript.info/task/move-ball-field/move-ball-coords.svg]
[es.javascript.info/task/carousel/carousel1.svg]
[es.javascript.info/introduction-browser-events.html]
[es.javascript.info/task/carousel/carousel2.svg]
[es.javascript.info/article/bubbling-and-capturing/event-order-bubbling.svg]
[es.javascript.info/bubbling-and-capturing.html]
[es.javascript.info/article/bubbling-and-capturing/eventflow.svg]
[es.javascript.info/article/bubbling-and-capturing/bubble-target/index.html]
[es.javascript.info/event-delegation.html]
[es.javascript.info/default-browser-action.html]
[es.javascript.info/dispatch-events.html]
[es.javascript.info/event-details.html]
[es.javascript.info/mouse-events-basics.html]
[es.javascript.info/article/event-delegation/bagua-bubble.svg]
[es.javascript.info/article/mousemove-mouseover-mouseout-mouseenter-mouseleave/mouseover-mouseout.svg]
[es.javascript.info/article/mousemove-mouseover-mouseout-mouseenter-mouseleave/mouseover-mouseout-over-elems.svg]
[es.javascript.info/article/mousemove-mouseover-mouseout-mouseenter-mouseleave/mouseover-mouseout-from-outside.svg]
[es.javascript.info/article/mousemove-mouseover-mouseout-mouseenter-mouseleave/mouseoverout/index.html]
[es.javascript.info/article/mousemove-mouseover-mouseout-mouseenter-mouseleave/mouseover-to-child.svg]
[es.javascript.info/mousemove-mouseover-mouseout-mouseenter-mouseleave.html]
[es.javascript.info/article/mousemove-mouseover-mouseout-mouseenter-mouseleave/mouseover-bubble-nested.svg]
[es.javascript.info/mouse-drag-and-drop.html]
[es.javascript.info/article/mouse-drag-and-drop/ball_shift.svg]
[es.javascript.info/pointer-events.html]
[es.javascript.info/article/mousemove-mouseover-mouseout-mouseenter-mouseleave/mouseoverout-fast/index.html]
[es.javascript.info/article/mousemove-mouseover-mouseout-mouseenter-mouseleave/mouseoverout-child/index.html]
[es.javascript.info/article/mousemove-mouseover-mouseout-mouseenter-mouseleave/mouseleave/index.html]
[es.javascript.info/article/mousemove-mouseover-mouseout-mouseenter-mouseleave/mouseenter-mouseleave-delegation/index.html]
[es.javascript.info/article/keyboard-events/us-layout.svg]
[es.javascript.info/keyboard-events.html]
[es.javascript.info/onscroll.html]
[es.javascript.info/article/keyboard-events/german-layout.svg]
[es.javascript.info/forms-controls.html]
[es.javascript.info/article/mousemove-mouseover-mouseout-mouseenter-mouseleave/mouseenter-mouseleave-delegation-2/index.html]
[es.javascript.info/article/mouse-drag-and-drop/ball4/index.html]
[es.javascript.info/article/keyboard-events/keyboard-dump/index.html]
[es.javascript.info/form-elements.html]
[es.javascript.info/focus-blur.html]
[es.javascript.info/events-change-input.html]
[es.javascript.info/forms-submit.html]
[es.javascript.info/loading.html]
[es.javascript.info/onload-ondomcontentloaded.html]
[es.javascript.info/script-async-defer.html]
[es.javascript.info/onload-onerror.html]
[es.javascript.info/ui-misc.html]
[es.javascript.info/mutation-observer.html]
[es.javascript.info/article/form-elements/form-navigation.svg]
[es.javascript.info/article/selection-range/range-hello-1.svg]
[es.javascript.info/article/selection-range/range-example-p-0-1.svg]
[es.javascript.info/article/selection-range/range-example-p-1-3.svg]
[es.javascript.info/article/selection-range/range-example-p-2-b-3.svg]
[es.javascript.info/article/selection-range/range-example-p-2-b-3-range.svg]
[es.javascript.info/article/selection-range/selection-firefox.svg]
[es.javascript.info/article/selection-range/selection-direction-forward.svg]
[es.javascript.info/selection-range.html]
[es.javascript.info/article/selection-range/selection-direction-backward.svg]
[es.javascript.info/article/event-loop/eventLoop.svg]
[es.javascript.info/event-loop.html]
[es.javascript.info/frames-and-windows.html]
[es.javascript.info/popup-windows.html]
[es.javascript.info/cross-window-communication.html]
[es.javascript.info/clickjacking.html]
[es.javascript.info/article/event-loop/eventLoop-full.svg]
[es.javascript.info/binary.html]
[es.javascript.info/article/cross-window-communication/postmessage/index.html]
[es.javascript.info/article/clickjacking/clickjacking-visible/index.html]
[es.javascript.info/article/cross-window-communication/sandbox/index.html]
[es.javascript.info/article/clickjacking/clickjacking/index.html]
[es.javascript.info/article/clickjacking/top-location/index.html]
[es.javascript.info/article/clickjacking/protector/index.html]
[es.javascript.info/article/arraybuffer-binary-arrays/arraybuffer-views.svg]
[es.javascript.info/article/arraybuffer-binary-arrays/8bit-integer-256.svg]
[es.javascript.info/article/arraybuffer-binary-arrays/8bit-integer-257.svg]
[es.javascript.info/arraybuffer-binary-arrays.html]
[es.javascript.info/text-decoder.html]
[es.javascript.info/article/arraybuffer-binary-arrays/arraybuffer-view-buffersource.svg]
[es.javascript.info/blob.html]
[es.javascript.info/file.html]
[es.javascript.info/network.html]
[es.javascript.info/fetch.html]
[es.javascript.info/formdata.html]
[es.javascript.info/fetch-progress.html]
[es.javascript.info/fetch-abort.html]
[es.javascript.info/article/blob/blob.svg]
[es.javascript.info/article/fetch-crossorigin/xhr-another-domain.svg]
[es.javascript.info/fetch-crossorigin.html]
[es.javascript.info/fetch-api.html]
[es.javascript.info/article/fetch-crossorigin/xhr-preflight.svg]
[es.javascript.info/url.html]
[es.javascript.info/xmlhttprequest.html]
[es.javascript.info/article/url/url-object.svg]
[es.javascript.info/tutorial/zipview/upload-resume024d.zip]
[es.javascript.info/resume-upload.html]
[es.javascript.info/article/resume-upload/upload-resume/index.html]
[es.javascript.info/article/long-polling/long-polling.svg]
[es.javascript.info/tutorial/zipview/longpoll128c.zip]
[es.javascript.info/long-polling.html]
[es.javascript.info/article/long-polling/longpoll/index.html]
[es.javascript.info/article/websocket/demo/server.js]
[es.javascript.info/article/websocket/websocket-handshake.svg]
[es.javascript.info/tutorial/zipview/chat0d2a.zip]
[es.javascript.info/websocket.html]
[es.javascript.info/tutorial/zipview/eventsource9959.zip]
[es.javascript.info/server-sent-events.html]
[es.javascript.info/data-storage.html]
[es.javascript.info/article/cookie/cookie-xsrf.svg]
[es.javascript.info/article/server-sent-events/eventsource/index.html]
[es.javascript.info/article/cookie/cookie.js]
[es.javascript.info/article/cookie/cookie-third-party.svg]
[es.javascript.info/article/cookie/cookie-third-party-2.svg]
[es.javascript.info/cookie.html]
[es.javascript.info/localstorage.html]
[es.javascript.info/article/cookie/cookie-third-party-3.svg]
[cdn.jsdelivr.net/npm/idb@3.0.2/build/idb.min.js]
[es.javascript.info/article/indexeddb/indexeddb-structure.svg]
[es.javascript.info/indexeddb.html]
[es.javascript.info/animation.html]
[es.javascript.info/article/indexeddb/indexeddb-index.svg]
[es.javascript.info/article/indexeddb/books/index.html]
[es.javascript.info/article/bezier-curve/bezier2.svg]
[es.javascript.info/article/bezier-curve/bezier3.svg]
[es.javascript.info/article/bezier-curve/bezier4.svg]
[es.javascript.info/article/bezier-curve/bezier4-e.svg]
[es.javascript.info/article/bezier-curve/bezier3-e.svg]
[es.javascript.info/article/bezier-curve/bezier-car.svg]
[es.javascript.info/article/bezier-curve/bezier-letter.svg]
[es.javascript.info/article/bezier-curve/bezier-vase.svg]
[es.javascript.info/article/bezier-curve/bezier3-draw1.svg]
[es.javascript.info/article/bezier-curve/bezier3-draw2.svg]
[es.javascript.info/bezier-curve.html]
[es.javascript.info/article/bezier-curve/demo37af.svg]
[es.javascript.info/article/css-animations/bezier-linear.svg]
[es.javascript.info/article/css-animations/train-curve.svg]
[es.javascript.info/article/css-animations/digits/index.html]
[es.javascript.info/article/css-animations/ease.svg]
[es.javascript.info/article/css-animations/ease-in.svg]
[es.javascript.info/article/css-animations/ease-out.svg]
[es.javascript.info/article/css-animations/ease-in-out.svg]
[es.javascript.info/article/css-animations/digits-negative-delay/index.html]
[es.javascript.info/article/css-animations/bezier-train-over.svg]
[es.javascript.info/css-animations.html]
[es.javascript.info/task/animate-logo-bezier-css/bezier-up.svg]
[es.javascript.info/article/css-animations/train-linear/index.html]
[es.javascript.info/article/js-animation/linear.svg]
[es.javascript.info/article/js-animation/quad.svg]
[es.javascript.info/article/css-animations/train/index.html]
[es.javascript.info/article/js-animation/quint.svg]
[es.javascript.info/article/js-animation/circ.svg]
[es.javascript.info/article/js-animation/back.svg]
[es.javascript.info/article/js-animation/elastic.svg]
[es.javascript.info/article/css-animations/train-over/index.html]
[es.javascript.info/article/js-animation/bounce-inout.svg]
[es.javascript.info/js-animation.html]
[es.javascript.info/web-components.html]
[es.javascript.info/article/js-animation/circ-ease.svg]
[es.javascript.info/article/css-animations/step-list/index.html]
[es.javascript.info/article/css-animations/step/index.html]
[es.javascript.info/article/webcomponents-intro/satellite.jpg]
[es.javascript.info/article/css-animations/step-end/index.html]
[es.javascript.info/article/webcomponents-intro/satellite-expanded.jpg]
[es.javascript.info/webcomponents-intro.html]
[es.javascript.info/custom-elements.html]
[es.javascript.info/article/js-animation/move/index.html]
[es.javascript.info/article/js-animation/width/index.html]
[es.javascript.info/article/js-animation/bounce-easeout/index.html]
[es.javascript.info/article/webcomponents-intro/web-components-twitter.svg]
[es.javascript.info/article/js-animation/text/index.html]
[es.javascript.info/article/js-animation/bounce-easeinout/index.html]
[es.javascript.info/article/shadow-dom/shadow-dom-range.png]
[es.javascript.info/article/shadow-dom/shadow-dom-say-hello.png]
[es.javascript.info/shadow-dom.html]
[es.javascript.info/template-element.html]
[es.javascript.info/slots-composition.html]
[es.javascript.info/shadow-dom-style.html]
[es.javascript.info/shadow-dom-events.html]
[es.javascript.info/regular-expressions.html]
[es.javascript.info/regexp-introduction.html]
[es.javascript.info/article/slots-composition/shadow-dom-user-card.svg]
[es.javascript.info/regexp-character-classes.html]
[es.javascript.info/regexp-unicode.html]
[es.javascript.info/regexp-anchors.html]
[es.javascript.info/regexp-multiline-mode.html]
[es.javascript.info/article/regexp-character-classes/love-html5-classes.svg]
[es.javascript.info/regexp-boundary.html]
[es.javascript.info/regexp-escaping.html]
[es.javascript.info/regexp-character-sets-and-ranges.html]
[es.javascript.info/regexp-quantifiers.html]
[es.javascript.info/article/regexp-boundary/hello-java-boundaries.svg]
[es.javascript.info/article/regexp-greedy-and-lazy/witch_greedy1.svg]
[es.javascript.info/article/regexp-greedy-and-lazy/witch_greedy2.svg]
[es.javascript.info/article/regexp-greedy-and-lazy/witch_greedy3.svg]
[es.javascript.info/article/regexp-greedy-and-lazy/witch_greedy4.svg]
[es.javascript.info/article/regexp-greedy-and-lazy/witch_greedy5.svg]
[es.javascript.info/article/regexp-greedy-and-lazy/witch_greedy6.svg]
[es.javascript.info/article/regexp-greedy-and-lazy/witch_lazy3.svg]
[es.javascript.info/article/regexp-greedy-and-lazy/witch_lazy4.svg]
[es.javascript.info/article/regexp-greedy-and-lazy/witch_lazy5.svg]
[es.javascript.info/regexp-greedy-and-lazy.html]
[es.javascript.info/article/regexp-greedy-and-lazy/witch_lazy6.svg]
[es.javascript.info/article/regexp-groups/regexp-nested-groups-pattern.svg]
[es.javascript.info/regexp-groups.html]
[es.javascript.info/regexp-backreferences.html]
[es.javascript.info/regexp-alternation.html]
[es.javascript.info/regexp-lookahead-lookbehind.html]
[es.javascript.info/regexp-catastrophic-backtracking.html]
[es.javascript.info/regexp-sticky.html]
[es.javascript.info/regexp-methods.html]
[es.javascript.info/article/regexp-groups/regexp-nested-groups-matches.svg]
[es.javascript.info/pack/about.6e367438ae186984ca60.css]
[es.javascript.info/pack/about.6e367438ae186984ca60.js]
[es.javascript.info/team/iliakan.jpg]
[es.javascript.info/team/amax.jpg]
[es.javascript.info/team/bezart.jpg]
[es.javascript.info/team/sergey.jpg]
[es.javascript.info/team/stepan.jpg]
[es.javascript.info/about.html]
[es.javascript.info/pack/modules/styles/blocks/banner-bottom/banner-courses.62c48653b7e0dbbe06616e14e4e47f91.svg]
[es.javascript.info/pack/modules/styles/blocks/lessons-list/checkmark.55272c9b238919af393a7b8fba67b328.svg]
[es.javascript.info/pack/modules/styles/blocks/mdeditor/resize-vertical.40ef55578ab83605376e0ecdb3e48aff.svg]
[es.javascript.info/img/checkmark.svg]
[es.javascript.info/pack/modules/styles/blocks/page-footer/slack.8559a3750105522de87657cad56c63d1.svg]
[es.javascript.info/pack/modules/styles/blocks/page-wrapper/ebook_bg.d0e79db126d43cfe5399902c8bcb9880.svg]
[es.javascript.info/pack/modules/styles/blocks/receipts/receipts__bg.413a20d949507701d49bfb20f506bb18.svg]
[es.javascript.info/pack/modules/styles/blocks/receipts/pay-logo-banksimple.360f045dbdc439951385904dfef9a4ea.svg]
[es.javascript.info/pack/modules/styles/blocks/receipts/pay-logo-interkassa.061691c5d782b4b99d4c3e9797da6351.svg]
[es.javascript.info/pack/modules/styles/blocks/receipts/pay-logo-payanyway.b76b66a121e198d0e708f047b82e05fc.svg]
[es.javascript.info/pack/modules/styles/blocks/receipts/pay-logo-paypal.9977c3c0b4f689df7a14191d0e31a565.svg]
[es.javascript.info/pack/modules/styles/blocks/receipts/pay-logo-webmoney.a2d7731f4b07a06159fb4cd96410474c.svg]
[es.javascript.info/pack/modules/styles/blocks/receipts/pay-logo-yandexmoney.5ecc4a8570830c9bfbe482c9375d9fba.svg]
[es.javascript.info/pack/templates/blocks/courses-header/tr.fbd590d8cd2a1370e8ebf3d68478bc09.svg]
[es.javascript.info/pack/templates/blocks/courses-header/arrow-without-circle.c008b2f712ab98151694abd0035b2365.svg]
[es.javascript.info/frontpage/is-listed.svg]
[es.javascript.info/frontpage/is-new-course.svg]
[es.javascript.info/pack/ebook.fdf7183a7cb9da7335c6.css]
[es.javascript.info/task/hello-alert.html]
[es.javascript.info/task/hello-alert-ext.html]
[es.javascript.info/task/hello-variables.html]
[es.javascript.info/task/declare-variables.html]
[es.javascript.info/task/uppercast-constant.html]
[es.javascript.info/task/string-quotes.html]
[es.javascript.info/task/simple-page.html]
[es.javascript.info/task/increment-order.html]
[es.javascript.info/task/assignment-result.html]
[es.javascript.info/task/primitive-conversions-questions.html]
[es.javascript.info/task/fix-prompt.html]
[es.javascript.info/task/comparison-questions.html]
[es.javascript.info/task/if-zero-string.html]
[es.javascript.info/task/check-standard.html]
[es.javascript.info/task/sign.html]
[es.javascript.info/task/rewrite-if-question.html]
[es.javascript.info/task/rewrite-if-else-question.html]
[es.javascript.info/task/alert-null-2-undefined.html]
[es.javascript.info/task/alert-or.html]
[es.javascript.info/task/alert-1-null-2.html]
[es.javascript.info/task/alert-and.html]
[es.javascript.info/task/alert-and-or.html]
[es.javascript.info/task/check-if-in-range.html]
[es.javascript.info/task/check-if-out-range.html]
[es.javascript.info/task/if-question.html]
[es.javascript.info/task/check-login.html]
[es.javascript.info/task/loop-last-value.html]
[es.javascript.info/task/which-value-while.html]
[es.javascript.info/task/which-value-for.html]
[es.javascript.info/task/for-even.html]
[es.javascript.info/task/replace-for-while.html]
[es.javascript.info/task/repeat-until-correct.html]
[es.javascript.info/task/list-primes.html]
[es.javascript.info/task/rewrite-switch-if-else.html]
[es.javascript.info/task/rewrite-if-switch.html]
[es.javascript.info/task/if-else-required.html]
[es.javascript.info/task/rewrite-function-question-or.html]
[es.javascript.info/task/min.html]
[es.javascript.info/task/pow.html]
[es.javascript.info/task/rewrite-arrow.html]
[es.javascript.info/task/style-errors.html]
[es.javascript.info/task/pow-test-wrong.html]
[es.javascript.info/task/hello-object.html]
[es.javascript.info/task/is-empty.html]
[es.javascript.info/task/sum-object.html]
[es.javascript.info/task/multiply-numeric.html]
[es.javascript.info/task/object-property-this.html]
[es.javascript.info/task/calculator.html]
[es.javascript.info/task/chain-calls.html]
[es.javascript.info/task/two-functions-one-object.html]
[es.javascript.info/task/calculator-constructor.html]
[es.javascript.info/task/accumulator.html]
[es.javascript.info/task/string-new-property.html]
[es.javascript.info/task/sum-interface.html]
[es.javascript.info/task/why-rounded-down.html]
[es.javascript.info/task/repeat-until-number.html]
[es.javascript.info/task/endless-loop-error.html]
[es.javascript.info/task/random-min-max.html]
[es.javascript.info/task/random-int-min-max.html]
[es.javascript.info/task/ucfirst.html]
[es.javascript.info/task/check-spam.html]
[es.javascript.info/task/truncate.html]
[es.javascript.info/task/extract-currency.html]
[es.javascript.info/task/item-value.html]
[es.javascript.info/task/create-array.html]
[es.javascript.info/task/call-array-this.html]
[es.javascript.info/task/array-input-sum.html]
[es.javascript.info/task/maximal-subarray.html]
[es.javascript.info/task/camelcase.html]
[es.javascript.info/task/filter-range.html]
[es.javascript.info/task/filter-range-in-place.html]
[es.javascript.info/task/sort-back.html]
[es.javascript.info/task/copy-sort-array.html]
[es.javascript.info/task/calculator-extendable.html]
[es.javascript.info/task/array-get-names.html]
[es.javascript.info/task/map-objects.html]
[es.javascript.info/task/sort-objects.html]
[es.javascript.info/task/shuffle.html]
[es.javascript.info/task/average-age.html]
[es.javascript.info/task/array-unique.html]
[es.javascript.info/task/reduce-object.html]
[es.javascript.info/task/array-unique-map.html]
[es.javascript.info/task/filter-anagrams.html]
[es.javascript.info/task/iterable-keys.html]
[es.javascript.info/task/recipients-read.html]
[es.javascript.info/task/recipients-when-read.html]
[es.javascript.info/task/sum-salaries.html]
[es.javascript.info/task/count-properties.html]
[es.javascript.info/task/destruct-user.html]
[es.javascript.info/task/max-salary.html]
[es.javascript.info/task/new-date.html]
[es.javascript.info/task/get-week-day.html]
[es.javascript.info/task/weekday.html]
[es.javascript.info/task/get-date-ago.html]
[es.javascript.info/task/last-day-of-month.html]
[es.javascript.info/task/get-seconds-today.html]
[es.javascript.info/task/get-seconds-to-tomorrow.html]
[es.javascript.info/task/format-date-relative.html]
[es.javascript.info/task/serialize-object.html]
[es.javascript.info/task/serialize-event-circular.html]
[es.javascript.info/task/sum-to.html]
[es.javascript.info/task/factorial.html]
[es.javascript.info/task/fibonacci-numbers.html]
[es.javascript.info/task/output-single-linked-list.html]
[es.javascript.info/task/output-single-linked-list-reverse.html]
[es.javascript.info/task/closure-latest-changes.html]
[es.javascript.info/task/closure-variable-access.html]
[es.javascript.info/task/counter-independent.html]
[es.javascript.info/task/counter-object-independent.html]
[es.javascript.info/task/function-in-if.html]
[es.javascript.info/task/closure-sum.html]
[es.javascript.info/task/let-scope.html]
[es.javascript.info/task/filter-through-function.html]
[es.javascript.info/task/sort-by-field.html]
[es.javascript.info/task/make-army.html]
[es.javascript.info/task/counter-inc-dec.html]
[es.javascript.info/task/sum-many-brackets.html]
[es.javascript.info/task/output-numbers-100ms.html]
[es.javascript.info/task/settimeout-result.html]
[es.javascript.info/task/spy-decorator.html]
[es.javascript.info/task/delay.html]
[es.javascript.info/task/debounce.html]
[es.javascript.info/task/throttle.html]
[es.javascript.info/task/write-to-object-after-bind.html]
[es.javascript.info/task/second-bind.html]
[es.javascript.info/task/function-property-after-bind.html]
[es.javascript.info/task/question-use-bind.html]
[es.javascript.info/task/ask-partial.html]
[es.javascript.info/task/property-after-delete.html]
[es.javascript.info/task/search-algorithm.html]
[es.javascript.info/task/proto-and-this.html]
[es.javascript.info/task/hamster-proto.html]
[es.javascript.info/task/changing-prototype.html]
[es.javascript.info/task/new-object-same-constructor.html]
[es.javascript.info/task/defer-to-prototype.html]
[es.javascript.info/task/defer-to-prototype-extended.html]
[es.javascript.info/task/dictionary-tostring.html]
[es.javascript.info/task/compare-calls.html]
[es.javascript.info/task/rewrite-to-class.html]
[es.javascript.info/task/class-constructor-error.html]
[es.javascript.info/task/clock-class-extended.html]
[es.javascript.info/task/class-extend-object.html]
[es.javascript.info/task/strange-instanceof.html]
[es.javascript.info/task/finally-or-code-after.html]
[es.javascript.info/task/format-error.html]
[es.javascript.info/task/re-resolve.html]
[es.javascript.info/task/delay-promise.html]
[es.javascript.info/task/animate-circle-promise.html]
[es.javascript.info/task/then-vs-catch.html]
[es.javascript.info/task/error-async.html]
[es.javascript.info/task/rewrite-async.html]
[es.javascript.info/task/rewrite-async-2.html]
[es.javascript.info/task/async-from-regular.html]
[es.javascript.info/task/pseudo-random-generator.html]
[es.javascript.info/task/error-nonexisting.html]
[es.javascript.info/task/array-negative.html]
[es.javascript.info/task/observable.html]
[es.javascript.info/task/eval-calculator.html]
[es.javascript.info/task/check-syntax.html]
[es.javascript.info/task/why-this.html]
[es.javascript.info/task/dom-children.html]
[es.javascript.info/task/navigation-links-which-null.html]
[es.javascript.info/task/select-diagonal-cells.html]
[es.javascript.info/task/find-elements.html]
[es.javascript.info/task/tree-info.html]
[es.javascript.info/task/lastchild-nodetype-inline.html]
[es.javascript.info/task/tag-in-comment.html]
[es.javascript.info/task/where-document-in-hierarchy.html]
[es.javascript.info/task/get-user-attribute.html]
[es.javascript.info/task/yellow-links.html]
[es.javascript.info/task/createtextnode-vs-innerhtml.html]
[es.javascript.info/task/clear-elem.html]
[es.javascript.info/task/why-aaa.html]
[es.javascript.info/task/create-list.html]
[es.javascript.info/task/create-object-tree.html]
[es.javascript.info/task/tree-count.html]
[es.javascript.info/task/calendar-table.html]
[es.javascript.info/task/clock-setinterval.html]
[es.javascript.info/task/append-to-list.html]
[es.javascript.info/task/sort-table.html]
[es.javascript.info/task/create-notification.html]
[es.javascript.info/task/get-scroll-height-bottom.html]
[es.javascript.info/task/scrollbar-width.html]
[es.javascript.info/task/put-ball-in-center.html]
[es.javascript.info/task/width-vs-clientwidth.html]
[es.javascript.info/task/find-point-coordinates.html]
[es.javascript.info/task/position-at.html]
[es.javascript.info/task/position-at-absolute.html]
[es.javascript.info/task/position-inside-absolute.html]
[es.javascript.info/task/hide-other.html]
[es.javascript.info/task/hide-self-onclick.html]
[es.javascript.info/task/which-handlers-run.html]
[es.javascript.info/task/move-ball-field.html]
[es.javascript.info/task/sliding-menu.html]
[es.javascript.info/task/hide-message.html]
[es.javascript.info/task/carousel.html]
[es.javascript.info/task/hide-message-delegate.html]
[es.javascript.info/task/sliding-tree.html]
[es.javascript.info/task/sortable-table.html]
[es.javascript.info/task/behavior-tooltip.html]
[es.javascript.info/task/why-return-false-fails.html]
[es.javascript.info/task/catch-link-navigation.html]
[es.javascript.info/task/image-gallery.html]
[es.javascript.info/task/selectable-list.html]
[es.javascript.info/task/behavior-nested-tooltip.html]
[es.javascript.info/task/hoverintent.html]
[es.javascript.info/task/slider.html]
[es.javascript.info/task/drag-heroes.html]
[es.javascript.info/task/check-sync-keydown.html]
[es.javascript.info/task/endless-page.html]
[es.javascript.info/task/updown-button.html]
[es.javascript.info/task/load-visible-img.html]
[es.javascript.info/task/add-select-option.html]
[es.javascript.info/task/editable-div.html]
[es.javascript.info/task/edit-td-click.html]
[es.javascript.info/task/keyboard-mouse.html]
[es.javascript.info/task/deposit-calculator.html]
[es.javascript.info/task/modal-dialog.html]
[es.javascript.info/task/load-img-callback.html]
[es.javascript.info/task/micro-macro-queue.html]
[es.javascript.info/task/concat.html]
[es.javascript.info/task/fetch-users.html]
[es.javascript.info/task/do-we-need-origin.html]
[es.javascript.info/task/form-autosave.html]
[es.javascript.info/task/animate-logo-css.html]
[es.javascript.info/task/animate-logo-bezier-css.html]
[es.javascript.info/task/animate-circle.html]
[es.javascript.info/task/animate-circle-callback.html]
[es.javascript.info/task/animate-ball.html]
[es.javascript.info/task/animate-ball-hops.html]
[es.javascript.info/task/live-timer.html]
[es.javascript.info/task/start-end.html]
[es.javascript.info/task/find-time-hh-mm.html]
[es.javascript.info/task/find-range-1.html]
[es.javascript.info/task/find-time-2-formats.html]
[es.javascript.info/task/find-text-manydots.html]
[es.javascript.info/task/find-html-colors-6hex.html]
[es.javascript.info/task/lazy-greedy.html]
[es.javascript.info/task/find-html-comments.html]
[es.javascript.info/task/find-html-tags-greedy-lazy.html]
[es.javascript.info/task/test-mac.html]
[es.javascript.info/task/find-webcolor-3-or-6.html]
[es.javascript.info/task/find-decimal-numbers.html]
[es.javascript.info/task/parse-expression.html]
[es.javascript.info/task/find-programming-language.html]
[es.javascript.info/task/find-matching-bbtags.html]
[es.javascript.info/task/match-quoted-string.html]
[es.javascript.info/task/match-exact-tag.html]
[es.javascript.info/task/find-non-negative-integers.html]
[es.javascript.info/task/insert-after-head.html]
[es.javascript.info/js.html]
[es.wikipedia.org/wiki/Node.html]
[es.javascript.info/article/intro/limitations.svg]
[es.javascript.info/article/devtools/bug.html]
[es.javascript.info/ui.html]
[es.javascript.info/article/variables/variable.svg]
[es.javascript.info/article/variables/variable-change.svg]
[es.javascript.info/task/check-standard/ifelse_task2.svg]
[es.javascript.info/task/check-login/ifelse_task.svg]
[es.javascript.info/article/debugging-chrome/largeIcons.svg]
[es.javascript.info/article/debugging-chrome/debugging/index.html]
[es.javascript.info/article/debugging-chrome/chrome-open-sources.svg]
[es.javascript.info/article/debugging-chrome/chrome-tabs.svg]
[es.javascript.info/article/debugging-chrome/chrome-sources-console.svg]
[es.javascript.info/article/debugging-chrome/chrome-sources-breakpoint.svg]
[es.javascript.info/article/debugging-chrome/chrome-sources-debugger-pause.svg]
[es.javascript.info/article/debugging-chrome/chrome-sources-debugger-trace-1.svg]
[es.javascript.info/article/coding-style/code-style.svg]
[github.com/rwaldron/idiomatic.html]
[es.javascript.info/article/object/object.svg]
[es.javascript.info/article/object/object-user-empty.svg]
[es.javascript.info/article/object/object-user.svg]
[es.javascript.info/article/object/object-user-isadmin.svg]
[es.javascript.info/article/object/object-user-delete.svg]
[es.javascript.info/article/object/object-user-props.svg]
[es.javascript.info/article/object-copy/variable-copy-value.svg]
[es.javascript.info/article/object-copy/variable-contains-reference.svg]
[es.javascript.info/article/object-copy/variable-copy-reference.svg]
[es.javascript.info/article/garbage-collection/memory-user-john.svg]
[es.javascript.info/article/garbage-collection/memory-user-john-lost.svg]
[es.javascript.info/article/garbage-collection/memory-user-john-admin.svg]
[es.javascript.info/article/garbage-collection/family.svg]
[es.javascript.info/article/garbage-collection/family-delete-refs.svg]
[es.javascript.info/article/garbage-collection/family-no-father.svg]
[es.javascript.info/article/garbage-collection/family-no-father-2.svg]
[es.javascript.info/article/garbage-collection/family-no-family.svg]
[es.javascript.info/article/garbage-collection/garbage-collection-1.svg]
[es.javascript.info/article/garbage-collection/garbage-collection-2.svg]
[es.javascript.info/article/garbage-collection/garbage-collection-3.svg]
[es.javascript.info/article/garbage-collection/garbage-collection-4.svg]
[es.javascript.info/article/garbage-collection/garbage-collection-5.svg]
[es.javascript.info/article/array/queue.svg]
[es.javascript.info/article/array/stack.svg]
[es.javascript.info/article/array/array-speed.svg]
[es.javascript.info/article/array/array-shift.svg]
[es.javascript.info/article/array/array-pop.svg]
[es.javascript.info/article/array-methods/reduce.svg]
[es.javascript.info/article/destructuring-assignment/destructuring-complex.svg]
[es.javascript.info/article/json/json-meetup.svg]
[es.javascript.info/article/recursion/recursion-pow.svg]
[es.javascript.info/article/recursion/recursive-salaries.svg]
[es.javascript.info/article/recursion/linked-list.svg]
[es.javascript.info/article/recursion/linked-list-split.svg]
[es.javascript.info/article/recursion/linked-list-0.svg]
[es.javascript.info/article/recursion/linked-list-remove-1.svg]
[es.javascript.info/task/fibonacci-numbers/fibonacci-recursion-tree.svg]
[es.javascript.info/article/closure/lexical-environment-global.svg]
[es.javascript.info/article/closure/closure-variable-phrase.svg]
[es.javascript.info/article/closure/closure-function-declaration.svg]
[es.javascript.info/article/closure/lexical-environment-simple.svg]
[es.javascript.info/article/closure/lexical-environment-simple-lookup.svg]
[es.javascript.info/article/closure/closure-makecounter.svg]
[es.javascript.info/article/closure/closure-makecounter-environment.svg]
[es.javascript.info/article/closure/closure-makecounter-nested-call.svg]
[es.javascript.info/article/closure/closure-makecounter-nested-call-2.svg]
[es.javascript.info/task/closure-variable-access/lexenv-nested-work.svg]
[es.javascript.info/task/make-army/lexenv-makearmy-empty.svg]
[es.javascript.info/task/make-army/lexenv-makearmy-while-fixed.svg]
[es.javascript.info/task/make-army/lexenv-makearmy-for-fixed.svg]
[es.javascript.info/article/settimeout-setinterval/setinterval-interval.svg]
[es.javascript.info/article/settimeout-setinterval/settimeout-interval.svg]
[es.javascript.info/article/call-apply-decorators/decorator-makecaching-wrapper.svg]
[es.javascript.info/task/debounce/debounce.svg]
[es.javascript.info/article/prototype-inheritance/object-prototype-empty.svg]
[es.javascript.info/article/prototype-inheritance/proto-animal-rabbit.svg]
[es.javascript.info/article/prototype-inheritance/proto-animal-rabbit-walk.svg]
[es.javascript.info/article/prototype-inheritance/proto-animal-rabbit-chain.svg]
[es.javascript.info/article/prototype-inheritance/proto-animal-rabbit-walk-2.svg]
[es.javascript.info/article/prototype-inheritance/proto-animal-rabbit-walk-3.svg]
[es.javascript.info/article/prototype-inheritance/rabbit-animal-object.svg]
[es.javascript.info/article/function-prototype/proto-constructor-animal-rabbit.svg]
[es.javascript.info/article/function-prototype/function-prototype-constructor.svg]
[es.javascript.info/article/function-prototype/rabbit-prototype-constructor.svg]
[es.javascript.info/article/native-prototypes/object-prototype.svg]
[es.javascript.info/article/native-prototypes/object-prototype-1.svg]
[es.javascript.info/article/native-prototypes/native-prototypes-classes.svg]
[es.javascript.info/article/native-prototypes/native-prototypes-array-tostring.svg]
[es.javascript.info/article/prototype-methods/object-prototype-2.svg]
[es.javascript.info/article/prototype-methods/object-prototype-null.svg]
[es.javascript.info/article/class/class-user.svg]
[es.javascript.info/article/class-inheritance/rabbit-animal-independent-animal.svg]
[es.javascript.info/article/class-inheritance/animal-rabbit-extends.svg]
[es.javascript.info/article/class-inheritance/this-super-loop.svg]
[es.javascript.info/article/class-inheritance/super-homeobject-wrong.svg]
[es.javascript.info/article/static-properties-methods/animal-rabbit-static.svg]
[es.javascript.info/task/class-extend-object/rabbit-extends-object.svg]
[es.javascript.info/article/extend-natives/object-date-inheritance.svg]
[es.javascript.info/article/instanceof/instanceof.svg]
[es.javascript.info/article/mixins/mixin-inheritance.svg]
[es.javascript.info/article/try-catch/try-catch-flow.svg]
[es.javascript.info/article/callbacks/callback-hell.svg]
[es.javascript.info/article/promise-basics/promise-resolve-reject.svg]
[es.javascript.info/article/promise-basics/promise-resolve-1.svg]
[es.javascript.info/article/promise-basics/promise-reject-1.svg]
[es.javascript.info/article/promise-chaining/promise-then-chain.svg]
[es.javascript.info/article/promise-chaining/promise-then-many.svg]
[es.javascript.info/article/promise-chaining/promise-handler-variants.svg]
[es.javascript.info/article/microtask-queue/promiseQueue.svg]
[es.javascript.info/article/generators/generateSequence-1.svg]
[es.javascript.info/article/generators/generateSequence-2.svg]
[es.javascript.info/article/generators/generateSequence-3.svg]
[es.javascript.info/article/generators/generateSequence-4.svg]
[es.javascript.info/article/generators/genYield2.svg]
[es.javascript.info/article/generators/genYield2-2.svg]
[es.javascript.info/article/modules-intro/say/index.html]
[es.javascript.info/article/modules-intro/scopes/index.html]
[es.javascript.info/article/modules-intro/scopes-working/index.html]
[es.javascript.info/article/modules-dynamic-imports/say/index.html]
[es.javascript.info/article/proxy/proxy.svg]
[es.javascript.info/article/browser-environment/windowObjects.svg]
[es.js.cx/libs/domtree.css]
[es.javascript.info/article/dom-nodes/toolbarButtonGlyphs.svg]
[es.javascript.info/article/dom-nodes/elk.html]
[es.javascript.info/article/dom-nodes/elk.svg]
[es.javascript.info/article/dom-nodes/inspect.svg]
[es.javascript.info/article/dom-nodes/domconsole0.svg]
[es.javascript.info/article/dom-nodes/domconsole1.svg]
[es.javascript.info/article/dom-navigation/dom-links.svg]
[es.javascript.info/article/dom-navigation/dom-links-elements.svg]
[es.javascript.info/task/find-elements/table.html]
[es.javascript.info/article/basic-dom-node-properties/dom-class-hierarchy.svg]
[es.javascript.info/article/modifying-document/before-prepend-append-after.svg]
[es.javascript.info/article/modifying-document/insert-adjacent.svg]
[es.javascript.info/article/size-and-scroll/metric-css.svg]
[es.javascript.info/article/size-and-scroll/metric-all.svg]
[es.javascript.info/article/size-and-scroll/metric-offset-parent.svg]
[es.javascript.info/article/size-and-scroll/metric-offset-width-height.svg]
[es.javascript.info/article/size-and-scroll/metric-client-left-top.svg]
[es.javascript.info/article/size-and-scroll/metric-client-left-top-rtl.svg]
[es.javascript.info/article/size-and-scroll/metric-client-width-height.svg]
[es.javascript.info/article/size-and-scroll/metric-client-width-nopadding.svg]
[es.javascript.info/article/size-and-scroll/metric-scroll-width-height.svg]
[es.javascript.info/article/size-and-scroll/metric-scroll-top.svg]
[es.javascript.info/task/put-ball-in-center/field.svg]
[es.javascript.info/article/size-and-scroll-window/document-client-width-height.svg]
[es.javascript.info/article/coordinates/document-and-window-coordinates-scrolled.svg]
[es.javascript.info/article/coordinates/coordinates.svg]
[es.javascript.info/article/coordinates/coordinates-negative.svg]
[es.javascript.info/task/move-ball-field/move-ball-coords.svg]
[es.javascript.info/task/carousel/carousel1.svg]
[es.javascript.info/task/carousel/carousel2.svg]
[es.javascript.info/article/bubbling-and-capturing/event-order-bubbling.svg]
[es.javascript.info/article/bubbling-and-capturing/bubble-target/index.html]
[es.javascript.info/article/bubbling-and-capturing/eventflow.svg]
[es.javascript.info/article/event-delegation/bagua-bubble.svg]
[es.javascript.info/article/mousemove-mouseover-mouseout-mouseenter-mouseleave/mouseover-mouseout.svg]
[es.javascript.info/article/mousemove-mouseover-mouseout-mouseenter-mouseleave/mouseoverout/index.html]
[es.javascript.info/article/mousemove-mouseover-mouseout-mouseenter-mouseleave/mouseover-mouseout-over-elems.svg]
[es.javascript.info/article/mousemove-mouseover-mouseout-mouseenter-mouseleave/mouseover-mouseout-from-outside.svg]
[es.javascript.info/article/mousemove-mouseover-mouseout-mouseenter-mouseleave/mouseoverout-fast/index.html]
[es.javascript.info/article/mousemove-mouseover-mouseout-mouseenter-mouseleave/mouseover-to-child.svg]
[es.javascript.info/article/mousemove-mouseover-mouseout-mouseenter-mouseleave/mouseover-bubble-nested.svg]
[es.javascript.info/article/mousemove-mouseover-mouseout-mouseenter-mouseleave/mouseoverout-child/index.html]
[es.javascript.info/article/mousemove-mouseover-mouseout-mouseenter-mouseleave/mouseleave/index.html]
[es.javascript.info/article/mousemove-mouseover-mouseout-mouseenter-mouseleave/mouseenter-mouseleave-delegation/index.html]
[es.javascript.info/article/mousemove-mouseover-mouseout-mouseenter-mouseleave/mouseenter-mouseleave-delegation-2/index.html]
[es.javascript.info/article/mouse-drag-and-drop/ball_shift.svg]
[es.javascript.info/article/mouse-drag-and-drop/ball4/index.html]
[es.javascript.info/article/keyboard-events/keyboard-dump/index.html]
[es.javascript.info/article/keyboard-events/us-layout.svg]
[es.javascript.info/article/keyboard-events/german-layout.svg]
[es.javascript.info/article/form-elements/form-navigation.svg]
[es.javascript.info/article/selection-range/range-hello-1.svg]
[es.javascript.info/article/selection-range/range-example-p-0-1.svg]
[es.javascript.info/article/selection-range/range-example-p-1-3.svg]
[es.javascript.info/article/selection-range/range-example-p-2-b-3.svg]
[es.javascript.info/article/selection-range/range-example-p-2-b-3-range.svg]
[es.javascript.info/article/selection-range/selection-firefox.svg]
[es.javascript.info/article/selection-range/selection-direction-forward.svg]
[es.javascript.info/article/selection-range/selection-direction-backward.svg]
[es.javascript.info/article/event-loop/eventLoop.svg]
[es.javascript.info/article/event-loop/eventLoop-full.svg]
[es.javascript.info/article/cross-window-communication/sandbox/index.html]
[es.javascript.info/article/cross-window-communication/postmessage/index.html]
[es.javascript.info/article/clickjacking/clickjacking-visible/index.html]
[es.javascript.info/article/clickjacking/clickjacking/index.html]
[es.javascript.info/article/clickjacking/top-location/index.html]
[es.javascript.info/article/clickjacking/protector/index.html]
[es.javascript.info/article/arraybuffer-binary-arrays/arraybuffer-views.svg]
[es.javascript.info/article/arraybuffer-binary-arrays/8bit-integer-256.svg]
[es.javascript.info/article/arraybuffer-binary-arrays/8bit-integer-257.svg]
[es.javascript.info/article/arraybuffer-binary-arrays/arraybuffer-view-buffersource.svg]
[es.javascript.info/article/blob/blob.svg]
[es.javascript.info/article/fetch-crossorigin/xhr-another-domain.svg]
[es.javascript.info/article/fetch-crossorigin/xhr-preflight.svg]
[es.javascript.info/article/url/url-object.svg]
[es.javascript.info/article/resume-upload/upload-resume/index.html]
[es.javascript.info/article/long-polling/long-polling.svg]
[es.javascript.info/article/long-polling/longpoll/index.html]
[es.javascript.info/article/websocket/websocket-handshake.svg]
[es.javascript.info/article/server-sent-events/eventsource/index.html]
[es.javascript.info/article/cookie/cookie-xsrf.svg]
[es.javascript.info/article/cookie/cookie-third-party.svg]
[es.javascript.info/article/cookie/cookie-third-party-2.svg]
[es.javascript.info/article/cookie/cookie-third-party-3.svg]
[es.javascript.info/article/indexeddb/indexeddb-structure.svg]
[es.javascript.info/article/indexeddb/indexeddb-index.svg]
[es.javascript.info/article/indexeddb/books/index.html]
[es.javascript.info/article/bezier-curve/bezier2.svg]
[es.javascript.info/article/bezier-curve/bezier3.svg]
[es.javascript.info/article/bezier-curve/bezier4.svg]
[es.javascript.info/article/bezier-curve/bezier4-e.svg]
[es.javascript.info/article/bezier-curve/bezier3-e.svg]
[es.javascript.info/article/bezier-curve/bezier-car.svg]
[es.javascript.info/article/bezier-curve/bezier-letter.svg]
[es.javascript.info/article/bezier-curve/bezier-vase.svg]
[es.javascript.info/article/bezier-curve/bezier3-draw1.svg]
[es.javascript.info/article/bezier-curve/bezier3-draw2.svg]
[es.javascript.info/article/bezier-curve/demo37af.svg]
[es.javascript.info/article/css-animations/digits/index.html]
[es.javascript.info/article/css-animations/digits-negative-delay/index.html]
[es.javascript.info/article/css-animations/bezier-linear.svg]
[es.javascript.info/article/css-animations/train-linear/index.html]
[es.javascript.info/article/css-animations/train-curve.svg]
[es.javascript.info/article/css-animations/train/index.html]
[es.javascript.info/article/css-animations/ease.svg]
[es.javascript.info/article/css-animations/ease-in.svg]
[es.javascript.info/article/css-animations/ease-out.svg]
[es.javascript.info/article/css-animations/ease-in-out.svg]
[es.javascript.info/article/css-animations/train-over/index.html]
[es.javascript.info/article/css-animations/bezier-train-over.svg]
[es.javascript.info/article/css-animations/step-list/index.html]
[es.javascript.info/article/css-animations/step/index.html]
[es.javascript.info/article/css-animations/step-end/index.html]
[es.javascript.info/task/animate-logo-bezier-css/bezier-up.svg]
[es.javascript.info/article/js-animation/move/index.html]
[es.javascript.info/article/js-animation/linear.svg]
[es.javascript.info/article/js-animation/width/index.html]
[es.javascript.info/article/js-animation/quad.svg]
[es.javascript.info/article/js-animation/quint.svg]
[es.javascript.info/article/js-animation/circ.svg]
[es.javascript.info/article/js-animation/back.svg]
[es.javascript.info/article/js-animation/elastic.svg]
[es.javascript.info/article/js-animation/bounce-easeout/index.html]
[es.javascript.info/article/js-animation/bounce-inout.svg]
[es.javascript.info/article/js-animation/bounce-easeinout/index.html]
[es.javascript.info/article/js-animation/circ-ease.svg]
[es.javascript.info/article/js-animation/text/index.html]
[es.javascript.info/article/webcomponents-intro/web-components-twitter.svg]
[es.javascript.info/article/slots-composition/shadow-dom-user-card.svg]
[es.javascript.info/article/regexp-character-classes/love-html5-classes.svg]
[es.javascript.info/article/regexp-boundary/hello-java-boundaries.svg]
[es.javascript.info/article/regexp-greedy-and-lazy/witch_greedy1.svg]
[es.javascript.info/article/regexp-greedy-and-lazy/witch_greedy2.svg]
[es.javascript.info/article/regexp-greedy-and-lazy/witch_greedy3.svg]
[es.javascript.info/article/regexp-greedy-and-lazy/witch_greedy4.svg]
[es.javascript.info/article/regexp-greedy-and-lazy/witch_greedy5.svg]
[es.javascript.info/article/regexp-greedy-and-lazy/witch_greedy6.svg]
[es.javascript.info/article/regexp-greedy-and-lazy/witch_lazy3.svg]
[es.javascript.info/article/regexp-greedy-and-lazy/witch_lazy4.svg]
[es.javascript.info/article/regexp-greedy-and-lazy/witch_lazy5.svg]
[es.javascript.info/article/regexp-greedy-and-lazy/witch_lazy6.svg]
[es.javascript.info/article/regexp-groups/regexp-nested-groups-pattern.svg]
[es.javascript.info/article/regexp-groups/regexp-nested-groups-matches.svg]
[es.javascript.info/pack/about.6e367438ae186984ca60.css]
